Power Analyzer report for RS65816
Tue Nov 09 09:54:41 2021
Quartus Prime Version 20.1.0 Build 711 06/05/2020 SJ Lite Edition


---------------------
; Table of Contents ;
---------------------
  1. Legal Notice
  2. Parallel Compilation
  3. Power Analyzer Summary
  4. Power Analyzer Settings
  5. Indeterminate Toggle Rates
  6. Operating Conditions Used
  7. Thermal Power Dissipation by Block
  8. Thermal Power Dissipation by Block Type
  9. Thermal Power Dissipation by Hierarchy
 10. Core Dynamic Thermal Power Dissipation by Clock Domain
 11. Current Drawn from Voltage Supplies Summary
 12. VCCIO Supply Current Drawn by I/O Bank
 13. VCCIO Supply Current Drawn by Voltage
 14. Confidence Metric Details
 15. Signal Activities
 16. Power Analyzer Messages



----------------
; Legal Notice ;
----------------
Copyright (C) 2020  Intel Corporation. All rights reserved.
Your use of Intel Corporation's design tools, logic functions 
and other software and tools, and any partner logic 
functions, and any output files from any of the foregoing 
(including device programming or simulation files), and any 
associated documentation or information are expressly subject 
to the terms and conditions of the Intel Program License 
Subscription Agreement, the Intel Quartus Prime License Agreement,
the Intel FPGA IP License Agreement, or other applicable license
agreement, including, without limitation, that your use is for
the sole purpose of programming logic devices manufactured by
Intel and sold by Intel or its authorized distributors.  Please
refer to the applicable agreement for further details, at
https://fpgasoftware.intel.com/eula.



+------------------------------------------+
; Parallel Compilation                     ;
+----------------------------+-------------+
; Processors                 ; Number      ;
+----------------------------+-------------+
; Number detected on machine ; 8           ;
; Maximum allowed            ; 4           ;
;                            ;             ;
; Average used               ; 1.13        ;
; Maximum used               ; 4           ;
;                            ;             ;
; Usage by Processor         ; % Time Used ;
;     Processor 1            ; 100.0%      ;
;     Processors 2-4         ;   4.4%      ;
+----------------------------+-------------+


+-------------------------------------------------------------------------------------------+
; Power Analyzer Summary                                                                    ;
+----------------------------------------+--------------------------------------------------+
; Power Analyzer Status                  ; Successful - Tue Nov 09 09:54:41 2021            ;
; Quartus Prime Version                  ; 20.1.0 Build 711 06/05/2020 SJ Lite Edition      ;
; Revision Name                          ; RS65816                                          ;
; Top-level Entity Name                  ; RS65816                                          ;
; Family                                 ; Cyclone IV E                                     ;
; Device                                 ; EP4CE6E22C8                                      ;
; Power Models                           ; Final                                            ;
; Total Thermal Power Dissipation        ; 192.06 mW                                        ;
; Core Dynamic Thermal Power Dissipation ; 78.26 mW                                         ;
; Core Static Thermal Power Dissipation  ; 48.99 mW                                         ;
; I/O Thermal Power Dissipation          ; 64.81 mW                                         ;
; Power Estimation Confidence            ; Low: user provided insufficient toggle rate data ;
+----------------------------------------+--------------------------------------------------+


+--------------------------------------------------------------------------------------------------------------------------+
; Power Analyzer Settings                                                                                                  ;
+------------------------------------------------------------------+---------------------------------------+---------------+
; Option                                                           ; Setting                               ; Default Value ;
+------------------------------------------------------------------+---------------------------------------+---------------+
; Use smart compilation                                            ; On                                    ; Off           ;
; Maximum processors allowed for parallel compilation              ; 4                                     ;               ;
; Enable parallel Assembler and Timing Analyzer during compilation ; On                                    ; On            ;
; Enable compact report table                                      ; Off                                   ; Off           ;
; Preset Cooling Solution                                          ; 23 MM HEAT SINK WITH 200 LFPM AIRFLOW ;               ;
; Board thermal model                                              ; None (CONSERVATIVE)                   ;               ;
; Default Power Toggle Rate                                        ; 12.5%                                 ; 12.5%         ;
; Default Power Input I/O Toggle Rate                              ; 12.5%                                 ; 12.5%         ;
; Use vectorless estimation                                        ; On                                    ; On            ;
; Use Input Files                                                  ; Off                                   ; Off           ;
; Filter Glitches in VCD File Reader                               ; On                                    ; On            ;
; Power Analyzer Report Signal Activity                            ; Off                                   ; Off           ;
; Power Analyzer Report Power Dissipation                          ; Off                                   ; Off           ;
; Device Power Characteristics                                     ; TYPICAL                               ; TYPICAL       ;
; Automatically Compute Junction Temperature                       ; On                                    ; On            ;
; Specified Junction Temperature                                   ; 25                                    ; 25            ;
; Ambient Temperature                                              ; 25                                    ; 25            ;
; Use Custom Cooling Solution                                      ; Off                                   ; Off           ;
; Board Temperature                                                ; 25                                    ; 25            ;
+------------------------------------------------------------------+---------------------------------------+---------------+


+------------------------------------+
; Indeterminate Toggle Rates         ;
+------+-----------------------------+
; Node ; Reason                      ;
+------+-----------------------------+
; key1 ; No valid clock domain found ;
; key2 ; No valid clock domain found ;
+------+-----------------------------+


+--------------------------------------------------------------------------+
; Operating Conditions Used                                                ;
+---------------------------------------------+----------------------------+
; Setting                                     ; Value                      ;
+---------------------------------------------+----------------------------+
; Device power characteristics                ; Typical                    ;
;                                             ;                            ;
; Voltages                                    ;                            ;
;     VCCINT                                  ; 1.20 V                     ;
;     VCCA                                    ; 2.50 V                     ;
;     VCCD                                    ; 1.20 V                     ;
;     3.3-V LVTTL I/O Standard                ; 3.3 V                      ;
;     2.5 V I/O Standard                      ; 2.5 V                      ;
;                                             ;                            ;
; Auto computed junction temperature          ; 27.9 degrees Celsius       ;
;     Ambient temperature                     ; 25.0 degrees Celsius       ;
;     Junction-to-Case thermal resistance     ; 10.50 degrees Celsius/Watt ;
;     Case-to-Heat Sink thermal resistance    ; 0.10 degrees Celsius/Watt  ;
;     Heat Sink-to-Ambient thermal resistance ; 4.30 degrees Celsius/Watt  ;
;                                             ;                            ;
; Board model used                            ; None                       ;
+---------------------------------------------+----------------------------+


+----------------------------------------------------------------------------------------------------------------------------------------------+
; Thermal Power Dissipation by Block                                                                                                           ;
+------------+------------+---------------------+-----------------------------+--------------------------------+-------------------------------+
; Block Name ; Block Type ; Total Thermal Power ; Block Thermal Dynamic Power ; Block Thermal Static Power (1) ; Routing Thermal Dynamic Power ;
+------------+------------+---------------------+-----------------------------+--------------------------------+-------------------------------+
(1) The "Thermal Power Dissipation by Block" Table has been hidden. To show this table, please select the "Write power dissipation by block to report file" option under "PowerPlay Power Analyzer Settings".


+--------------------------------------------------------------------------------------------------------------------------------------------------------------------------------------------------------------------+
; Thermal Power Dissipation by Block Type                                                                                                                                                                            ;
+---------------------+-----------------------------------+-----------------------------+--------------------------------+-------------------------------+-----------------------------------------------------------+
; Block Type          ; Total Thermal Power by Block Type ; Block Thermal Dynamic Power ; Block Thermal Static Power (1) ; Routing Thermal Dynamic Power ; Block Average Toggle Rate (millions of transitions / sec) ;
+---------------------+-----------------------------------+-----------------------------+--------------------------------+-------------------------------+-----------------------------------------------------------+
; JTAG                ; 0.01 mW                           ; 0.00 mW                     ; --                             ; 0.01 mW                       ;    6.875                                                  ;
; PLL                 ; 12.83 mW                          ; 12.83 mW                    ; --                             ; 0.00 mW                       ;  107.500                                                  ;
; M9K                 ; 21.54 mW                          ; 20.92 mW                    ; --                             ; 0.62 mW                       ;    8.352                                                  ;
; Combinational cell  ; 14.25 mW                          ; 6.60 mW                     ; --                             ; 7.65 mW                       ;    9.307                                                  ;
; Clock control block ; 10.50 mW                          ; 0.00 mW                     ; --                             ; 10.50 mW                      ;  112.500                                                  ;
; Register cell       ; 18.81 mW                          ; 9.84 mW                     ; --                             ; 8.97 mW                       ;   11.188                                                  ;
; I/O register        ; 4.72 mW                           ; 4.46 mW                     ; --                             ; 0.26 mW                       ;   12.500                                                  ;
; I/O                 ; 40.60 mW                          ; 10.95 mW                    ; 29.60 mW                       ; 0.05 mW                       ;   11.786                                                  ;
+---------------------+-----------------------------------+-----------------------------+--------------------------------+-------------------------------+-----------------------------------------------------------+
(1) The "Block Thermal Static Power" for all block types except Pins and the Voltage Regulator, if one exists, is part of the "Core Static Thermal Power Dissipation" value found on the PowerPlay Power Analyzer-->Summary report panel. The "Core Static Thermal Power Dissipation" also contains the thermal static power dissipated by the routing.


+-------------------------------------------------------------------------------------------------------------------------------------------------------------------------------------------------------------------------------------------------------------------------------------------------------------------------------------------------------------------------------------------------------------------------------------------------------------------------------------------------------------------------------------------------------------------------------------------------------------------------------------------------+
; Thermal Power Dissipation by Hierarchy                                                                                                                                                                                                                                                                                                                                                                                                                                                                                                                                                                                                          ;
+------------------------------------------------------------------------------------------------------------------------------------------+--------------------------------------+---------------------------------+-----------------------------------+-----------------------------------+-----------------------------------------------------------------------------------------------------------------------------------------------------------------------------------------------------------------------------------------------------------------------------------------------------------------------------------------------------+
; Compilation Hierarchy Node                                                                                                               ; Total Thermal Power by Hierarchy (1) ; Block Thermal Dynamic Power (1) ; Block Thermal Static Power (1)(2) ; Routing Thermal Dynamic Power (1) ; Full Hierarchy Name                                                                                                                                                                                                                                                                                                                                 ;
+------------------------------------------------------------------------------------------------------------------------------------------+--------------------------------------+---------------------------------+-----------------------------------+-----------------------------------+-----------------------------------------------------------------------------------------------------------------------------------------------------------------------------------------------------------------------------------------------------------------------------------------------------------------------------------------------------+
; |RS65816                                                                                                                                 ; 123.27 mW (44.54 mW)                 ; 65.60 mW (12.14 mW)             ; 29.60 mW (29.60 mW)               ; 28.07 mW (2.80 mW)                ; |RS65816                                                                                                                                                                                                                                                                                                                                            ;
;     |hard_block:auto_generated_inst                                                                                                      ; 0.00 mW (0.00 mW)                    ; 0.00 mW (0.00 mW)               ; --                                ; 0.00 mW (0.00 mW)                 ; |RS65816|hard_block:auto_generated_inst                                                                                                                                                                                                                                                                                                             ;
;     |sld_hub:auto_hub                                                                                                                    ; 0.12 mW (0.00 mW)                    ; 0.09 mW (0.00 mW)               ; --                                ; 0.03 mW (0.00 mW)                 ; |RS65816|sld_hub:auto_hub                                                                                                                                                                                                                                                                                                                           ;
;         |alt_sld_fab_with_jtag_input:\instrumentation_fabric_with_node_gen:fabric_gen_new_way:with_jtag_input_gen:instrumentation_fabric ; 0.12 mW (0.00 mW)                    ; 0.09 mW (0.00 mW)               ; --                                ; 0.03 mW (0.00 mW)                 ; |RS65816|sld_hub:auto_hub|alt_sld_fab_with_jtag_input:\instrumentation_fabric_with_node_gen:fabric_gen_new_way:with_jtag_input_gen:instrumentation_fabric                                                                                                                                                                                           ;
;             |alt_sld_fab:instrumentation_fabric                                                                                          ; 0.12 mW (0.00 mW)                    ; 0.09 mW (0.00 mW)               ; --                                ; 0.03 mW (0.00 mW)                 ; |RS65816|sld_hub:auto_hub|alt_sld_fab_with_jtag_input:\instrumentation_fabric_with_node_gen:fabric_gen_new_way:with_jtag_input_gen:instrumentation_fabric|alt_sld_fab:instrumentation_fabric                                                                                                                                                        ;
;                 |alt_sld_fab_alt_sld_fab:alt_sld_fab                                                                                     ; 0.12 mW (0.00 mW)                    ; 0.09 mW (0.00 mW)               ; --                                ; 0.03 mW (0.00 mW)                 ; |RS65816|sld_hub:auto_hub|alt_sld_fab_with_jtag_input:\instrumentation_fabric_with_node_gen:fabric_gen_new_way:with_jtag_input_gen:instrumentation_fabric|alt_sld_fab:instrumentation_fabric|alt_sld_fab_alt_sld_fab:alt_sld_fab                                                                                                                    ;
;                     |alt_sld_fab_alt_sld_fab_sldfabric:sldfabric                                                                         ; 0.11 mW (0.00 mW)                    ; 0.09 mW (0.00 mW)               ; --                                ; 0.03 mW (0.00 mW)                 ; |RS65816|sld_hub:auto_hub|alt_sld_fab_with_jtag_input:\instrumentation_fabric_with_node_gen:fabric_gen_new_way:with_jtag_input_gen:instrumentation_fabric|alt_sld_fab:instrumentation_fabric|alt_sld_fab_alt_sld_fab:alt_sld_fab|alt_sld_fab_alt_sld_fab_sldfabric:sldfabric                                                                        ;
;                         |sld_jtag_hub:\jtag_hub_gen:real_sld_jtag_hub                                                                    ; 0.11 mW (0.08 mW)                    ; 0.09 mW (0.06 mW)               ; --                                ; 0.03 mW (0.02 mW)                 ; |RS65816|sld_hub:auto_hub|alt_sld_fab_with_jtag_input:\instrumentation_fabric_with_node_gen:fabric_gen_new_way:with_jtag_input_gen:instrumentation_fabric|alt_sld_fab:instrumentation_fabric|alt_sld_fab_alt_sld_fab:alt_sld_fab|alt_sld_fab_alt_sld_fab_sldfabric:sldfabric|sld_jtag_hub:\jtag_hub_gen:real_sld_jtag_hub                           ;
;                             |sld_rom_sr:hub_info_reg                                                                                     ; 0.01 mW (0.01 mW)                    ; 0.01 mW (0.01 mW)               ; --                                ; 0.00 mW (0.00 mW)                 ; |RS65816|sld_hub:auto_hub|alt_sld_fab_with_jtag_input:\instrumentation_fabric_with_node_gen:fabric_gen_new_way:with_jtag_input_gen:instrumentation_fabric|alt_sld_fab:instrumentation_fabric|alt_sld_fab_alt_sld_fab:alt_sld_fab|alt_sld_fab_alt_sld_fab_sldfabric:sldfabric|sld_jtag_hub:\jtag_hub_gen:real_sld_jtag_hub|sld_rom_sr:hub_info_reg   ;
;                             |sld_shadow_jsm:shadow_jsm                                                                                   ; 0.02 mW (0.02 mW)                    ; 0.02 mW (0.02 mW)               ; --                                ; 0.01 mW (0.01 mW)                 ; |RS65816|sld_hub:auto_hub|alt_sld_fab_with_jtag_input:\instrumentation_fabric_with_node_gen:fabric_gen_new_way:with_jtag_input_gen:instrumentation_fabric|alt_sld_fab:instrumentation_fabric|alt_sld_fab_alt_sld_fab:alt_sld_fab|alt_sld_fab_alt_sld_fab_sldfabric:sldfabric|sld_jtag_hub:\jtag_hub_gen:real_sld_jtag_hub|sld_shadow_jsm:shadow_jsm ;
;         |sld_jtag_interface_mod:\jtag_interface_mod_gen:device_family_mod_inst                                                           ; 0.00 mW (0.00 mW)                    ; 0.00 mW (0.00 mW)               ; --                                ; 0.00 mW (0.00 mW)                 ; |RS65816|sld_hub:auto_hub|sld_jtag_interface_mod:\jtag_interface_mod_gen:device_family_mod_inst                                                                                                                                                                                                                                                     ;
;     |kernel:kernel                                                                                                                       ; 7.51 mW (0.00 mW)                    ; 7.43 mW (0.00 mW)               ; --                                ; 0.09 mW (0.00 mW)                 ; |RS65816|kernel:kernel                                                                                                                                                                                                                                                                                                                              ;
;         |altsyncram:altsyncram_component                                                                                                 ; 7.51 mW (0.00 mW)                    ; 7.43 mW (0.00 mW)               ; --                                ; 0.09 mW (0.00 mW)                 ; |RS65816|kernel:kernel|altsyncram:altsyncram_component                                                                                                                                                                                                                                                                                              ;
;             |altsyncram_08v3:auto_generated                                                                                              ; 7.51 mW (0.00 mW)                    ; 7.43 mW (0.00 mW)               ; --                                ; 0.09 mW (0.00 mW)                 ; |RS65816|kernel:kernel|altsyncram:altsyncram_component|altsyncram_08v3:auto_generated                                                                                                                                                                                                                                                               ;
;                 |altsyncram_oov2:altsyncram1                                                                                             ; 7.43 mW (7.43 mW)                    ; 7.39 mW (7.39 mW)               ; --                                ; 0.05 mW (0.05 mW)                 ; |RS65816|kernel:kernel|altsyncram:altsyncram_component|altsyncram_08v3:auto_generated|altsyncram_oov2:altsyncram1                                                                                                                                                                                                                                   ;
;                 |sld_mod_ram_rom:mgl_prim2                                                                                               ; 0.08 mW (0.07 mW)                    ; 0.04 mW (0.03 mW)               ; --                                ; 0.04 mW (0.04 mW)                 ; |RS65816|kernel:kernel|altsyncram:altsyncram_component|altsyncram_08v3:auto_generated|sld_mod_ram_rom:mgl_prim2                                                                                                                                                                                                                                     ;
;                     |sld_rom_sr:\ram_rom_logic_gen:name_gen:info_rom_sr                                                                  ; 0.01 mW (0.01 mW)                    ; 0.01 mW (0.01 mW)               ; --                                ; 0.00 mW (0.00 mW)                 ; |RS65816|kernel:kernel|altsyncram:altsyncram_component|altsyncram_08v3:auto_generated|sld_mod_ram_rom:mgl_prim2|sld_rom_sr:\ram_rom_logic_gen:name_gen:info_rom_sr                                                                                                                                                                                  ;
;                     |sld_jtag_endpoint_adapter:jtag_signal_adapter                                                                       ; 0.00 mW (0.00 mW)                    ; 0.00 mW (0.00 mW)               ; --                                ; 0.00 mW (0.00 mW)                 ; |RS65816|kernel:kernel|altsyncram:altsyncram_component|altsyncram_08v3:auto_generated|sld_mod_ram_rom:mgl_prim2|sld_jtag_endpoint_adapter:jtag_signal_adapter                                                                                                                                                                                       ;
;     |myos:myos                                                                                                                           ; 7.41 mW (0.00 mW)                    ; 7.37 mW (0.00 mW)               ; --                                ; 0.04 mW (0.00 mW)                 ; |RS65816|myos:myos                                                                                                                                                                                                                                                                                                                                  ;
;         |altsyncram:altsyncram_component                                                                                                 ; 7.41 mW (0.00 mW)                    ; 7.37 mW (0.00 mW)               ; --                                ; 0.04 mW (0.00 mW)                 ; |RS65816|myos:myos|altsyncram:altsyncram_component                                                                                                                                                                                                                                                                                                  ;
;             |altsyncram_5os3:auto_generated                                                                                              ; 7.41 mW (7.41 mW)                    ; 7.37 mW (7.37 mW)               ; --                                ; 0.04 mW (0.04 mW)                 ; |RS65816|myos:myos|altsyncram:altsyncram_component|altsyncram_5os3:auto_generated                                                                                                                                                                                                                                                                   ;
;     |special:special                                                                                                                     ; 3.02 mW (3.02 mW)                    ; 2.00 mW (2.00 mW)               ; --                                ; 1.03 mW (1.03 mW)                 ; |RS65816|special:special                                                                                                                                                                                                                                                                                                                            ;
;     |RS65C816:u0                                                                                                                         ; 18.41 mW (16.07 mW)                  ; 7.76 mW (6.62 mW)               ; --                                ; 10.65 mW (9.45 mW)                ; |RS65816|RS65C816:u0                                                                                                                                                                                                                                                                                                                                ;
;         |add16:addPCbranch                                                                                                               ; 0.14 mW (0.00 mW)                    ; 0.07 mW (0.00 mW)               ; --                                ; 0.08 mW (0.00 mW)                 ; |RS65816|RS65C816:u0|add16:addPCbranch                                                                                                                                                                                                                                                                                                              ;
;             |lpm_add_sub:LPM_ADD_SUB_component                                                                                           ; 0.14 mW (0.00 mW)                    ; 0.07 mW (0.00 mW)               ; --                                ; 0.08 mW (0.00 mW)                 ; |RS65816|RS65C816:u0|add16:addPCbranch|lpm_add_sub:LPM_ADD_SUB_component                                                                                                                                                                                                                                                                            ;
;                 |add_sub_2ki:auto_generated                                                                                              ; 0.14 mW (0.14 mW)                    ; 0.07 mW (0.07 mW)               ; --                                ; 0.08 mW (0.08 mW)                 ; |RS65816|RS65C816:u0|add16:addPCbranch|lpm_add_sub:LPM_ADD_SUB_component|add_sub_2ki:auto_generated                                                                                                                                                                                                                                                 ;
;         |add16:addPCper                                                                                                                  ; 0.12 mW (0.00 mW)                    ; 0.05 mW (0.00 mW)               ; --                                ; 0.07 mW (0.00 mW)                 ; |RS65816|RS65C816:u0|add16:addPCper                                                                                                                                                                                                                                                                                                                 ;
;             |lpm_add_sub:LPM_ADD_SUB_component                                                                                           ; 0.12 mW (0.00 mW)                    ; 0.05 mW (0.00 mW)               ; --                                ; 0.07 mW (0.00 mW)                 ; |RS65816|RS65C816:u0|add16:addPCper|lpm_add_sub:LPM_ADD_SUB_component                                                                                                                                                                                                                                                                               ;
;                 |add_sub_2ki:auto_generated                                                                                              ; 0.12 mW (0.12 mW)                    ; 0.05 mW (0.05 mW)               ; --                                ; 0.07 mW (0.07 mW)                 ; |RS65816|RS65C816:u0|add16:addPCper|lpm_add_sub:LPM_ADD_SUB_component|add_sub_2ki:auto_generated                                                                                                                                                                                                                                                    ;
;         |sub24_1:addrMinusOne                                                                                                            ; 0.16 mW (0.00 mW)                    ; 0.05 mW (0.00 mW)               ; --                                ; 0.12 mW (0.00 mW)                 ; |RS65816|RS65C816:u0|sub24_1:addrMinusOne                                                                                                                                                                                                                                                                                                           ;
;             |lpm_add_sub:LPM_ADD_SUB_component                                                                                           ; 0.16 mW (0.00 mW)                    ; 0.05 mW (0.00 mW)               ; --                                ; 0.12 mW (0.00 mW)                 ; |RS65816|RS65C816:u0|sub24_1:addrMinusOne|lpm_add_sub:LPM_ADD_SUB_component                                                                                                                                                                                                                                                                         ;
;                 |add_sub_1vh:auto_generated                                                                                              ; 0.16 mW (0.16 mW)                    ; 0.05 mW (0.05 mW)               ; --                                ; 0.12 mW (0.12 mW)                 ; |RS65816|RS65C816:u0|sub24_1:addrMinusOne|lpm_add_sub:LPM_ADD_SUB_component|add_sub_1vh:auto_generated                                                                                                                                                                                                                                              ;
;         |add24_1:addrPlusOne                                                                                                             ; 0.14 mW (0.00 mW)                    ; 0.05 mW (0.00 mW)               ; --                                ; 0.10 mW (0.00 mW)                 ; |RS65816|RS65C816:u0|add24_1:addrPlusOne                                                                                                                                                                                                                                                                                                            ;
;             |lpm_add_sub:LPM_ADD_SUB_component                                                                                           ; 0.14 mW (0.00 mW)                    ; 0.05 mW (0.00 mW)               ; --                                ; 0.10 mW (0.00 mW)                 ; |RS65816|RS65C816:u0|add24_1:addrPlusOne|lpm_add_sub:LPM_ADD_SUB_component                                                                                                                                                                                                                                                                          ;
;                 |add_sub_0uh:auto_generated                                                                                              ; 0.14 mW (0.14 mW)                    ; 0.05 mW (0.05 mW)               ; --                                ; 0.10 mW (0.10 mW)                 ; |RS65816|RS65C816:u0|add24_1:addrPlusOne|lpm_add_sub:LPM_ADD_SUB_component|add_sub_0uh:auto_generated                                                                                                                                                                                                                                               ;
;         |add16:addStackDin                                                                                                               ; 0.08 mW (0.00 mW)                    ; 0.04 mW (0.00 mW)               ; --                                ; 0.04 mW (0.00 mW)                 ; |RS65816|RS65C816:u0|add16:addStackDin                                                                                                                                                                                                                                                                                                              ;
;             |lpm_add_sub:LPM_ADD_SUB_component                                                                                           ; 0.08 mW (0.00 mW)                    ; 0.04 mW (0.00 mW)               ; --                                ; 0.04 mW (0.00 mW)                 ; |RS65816|RS65C816:u0|add16:addStackDin|lpm_add_sub:LPM_ADD_SUB_component                                                                                                                                                                                                                                                                            ;
;                 |add_sub_2ki:auto_generated                                                                                              ; 0.08 mW (0.08 mW)                    ; 0.04 mW (0.04 mW)               ; --                                ; 0.04 mW (0.04 mW)                 ; |RS65816|RS65C816:u0|add16:addStackDin|lpm_add_sub:LPM_ADD_SUB_component|add_sub_2ki:auto_generated                                                                                                                                                                                                                                                 ;
;         |add8:aluAdd8                                                                                                                    ; 0.05 mW (0.00 mW)                    ; 0.03 mW (0.00 mW)               ; --                                ; 0.02 mW (0.00 mW)                 ; |RS65816|RS65C816:u0|add8:aluAdd8                                                                                                                                                                                                                                                                                                                   ;
;             |lpm_add_sub:LPM_ADD_SUB_component                                                                                           ; 0.05 mW (0.00 mW)                    ; 0.03 mW (0.00 mW)               ; --                                ; 0.02 mW (0.00 mW)                 ; |RS65816|RS65C816:u0|add8:aluAdd8|lpm_add_sub:LPM_ADD_SUB_component                                                                                                                                                                                                                                                                                 ;
;                 |add_sub_jii:auto_generated                                                                                              ; 0.05 mW (0.05 mW)                    ; 0.03 mW (0.03 mW)               ; --                                ; 0.02 mW (0.02 mW)                 ; |RS65816|RS65C816:u0|add8:aluAdd8|lpm_add_sub:LPM_ADD_SUB_component|add_sub_jii:auto_generated                                                                                                                                                                                                                                                      ;
;         |add16:aluAdd16                                                                                                                  ; 0.09 mW (0.00 mW)                    ; 0.05 mW (0.00 mW)               ; --                                ; 0.04 mW (0.00 mW)                 ; |RS65816|RS65C816:u0|add16:aluAdd16                                                                                                                                                                                                                                                                                                                 ;
;             |lpm_add_sub:LPM_ADD_SUB_component                                                                                           ; 0.09 mW (0.00 mW)                    ; 0.05 mW (0.00 mW)               ; --                                ; 0.04 mW (0.00 mW)                 ; |RS65816|RS65C816:u0|add16:aluAdd16|lpm_add_sub:LPM_ADD_SUB_component                                                                                                                                                                                                                                                                               ;
;                 |add_sub_2ki:auto_generated                                                                                              ; 0.09 mW (0.09 mW)                    ; 0.05 mW (0.05 mW)               ; --                                ; 0.04 mW (0.04 mW)                 ; |RS65816|RS65C816:u0|add16:aluAdd16|lpm_add_sub:LPM_ADD_SUB_component|add_sub_2ki:auto_generated                                                                                                                                                                                                                                                    ;
;         |add16:directDin                                                                                                                 ; 0.09 mW (0.00 mW)                    ; 0.04 mW (0.00 mW)               ; --                                ; 0.05 mW (0.00 mW)                 ; |RS65816|RS65C816:u0|add16:directDin                                                                                                                                                                                                                                                                                                                ;
;             |lpm_add_sub:LPM_ADD_SUB_component                                                                                           ; 0.09 mW (0.00 mW)                    ; 0.04 mW (0.00 mW)               ; --                                ; 0.05 mW (0.00 mW)                 ; |RS65816|RS65C816:u0|add16:directDin|lpm_add_sub:LPM_ADD_SUB_component                                                                                                                                                                                                                                                                              ;
;                 |add_sub_2ki:auto_generated                                                                                              ; 0.09 mW (0.09 mW)                    ; 0.04 mW (0.04 mW)               ; --                                ; 0.05 mW (0.05 mW)                 ; |RS65816|RS65C816:u0|add16:directDin|lpm_add_sub:LPM_ADD_SUB_component|add_sub_2ki:auto_generated                                                                                                                                                                                                                                                   ;
;         |add16:pcPlus1                                                                                                                   ; 0.16 mW (0.00 mW)                    ; 0.03 mW (0.00 mW)               ; --                                ; 0.14 mW (0.00 mW)                 ; |RS65816|RS65C816:u0|add16:pcPlus1                                                                                                                                                                                                                                                                                                                  ;
;             |lpm_add_sub:LPM_ADD_SUB_component                                                                                           ; 0.16 mW (0.00 mW)                    ; 0.03 mW (0.00 mW)               ; --                                ; 0.14 mW (0.00 mW)                 ; |RS65816|RS65C816:u0|add16:pcPlus1|lpm_add_sub:LPM_ADD_SUB_component                                                                                                                                                                                                                                                                                ;
;                 |add_sub_2ki:auto_generated                                                                                              ; 0.16 mW (0.16 mW)                    ; 0.03 mW (0.03 mW)               ; --                                ; 0.14 mW (0.14 mW)                 ; |RS65816|RS65C816:u0|add16:pcPlus1|lpm_add_sub:LPM_ADD_SUB_component|add_sub_2ki:auto_generated                                                                                                                                                                                                                                                     ;
;         |add16:stackMinus1                                                                                                               ; 0.15 mW (0.00 mW)                    ; 0.07 mW (0.00 mW)               ; --                                ; 0.08 mW (0.00 mW)                 ; |RS65816|RS65C816:u0|add16:stackMinus1                                                                                                                                                                                                                                                                                                              ;
;             |lpm_add_sub:LPM_ADD_SUB_component                                                                                           ; 0.15 mW (0.00 mW)                    ; 0.07 mW (0.00 mW)               ; --                                ; 0.08 mW (0.00 mW)                 ; |RS65816|RS65C816:u0|add16:stackMinus1|lpm_add_sub:LPM_ADD_SUB_component                                                                                                                                                                                                                                                                            ;
;                 |add_sub_2ki:auto_generated                                                                                              ; 0.15 mW (0.15 mW)                    ; 0.07 mW (0.07 mW)               ; --                                ; 0.08 mW (0.08 mW)                 ; |RS65816|RS65C816:u0|add16:stackMinus1|lpm_add_sub:LPM_ADD_SUB_component|add_sub_2ki:auto_generated                                                                                                                                                                                                                                                 ;
;         |add16:stackPlus1                                                                                                                ; 0.06 mW (0.00 mW)                    ; 0.03 mW (0.00 mW)               ; --                                ; 0.03 mW (0.00 mW)                 ; |RS65816|RS65C816:u0|add16:stackPlus1                                                                                                                                                                                                                                                                                                               ;
;             |lpm_add_sub:LPM_ADD_SUB_component                                                                                           ; 0.06 mW (0.00 mW)                    ; 0.03 mW (0.00 mW)               ; --                                ; 0.03 mW (0.00 mW)                 ; |RS65816|RS65C816:u0|add16:stackPlus1|lpm_add_sub:LPM_ADD_SUB_component                                                                                                                                                                                                                                                                             ;
;                 |add_sub_2ki:auto_generated                                                                                              ; 0.06 mW (0.06 mW)                    ; 0.03 mW (0.03 mW)               ; --                                ; 0.03 mW (0.03 mW)                 ; |RS65816|RS65C816:u0|add16:stackPlus1|lpm_add_sub:LPM_ADD_SUB_component|add_sub_2ki:auto_generated                                                                                                                                                                                                                                                  ;
;         |opcodes:u2                                                                                                                      ; 1.10 mW (0.00 mW)                    ; 0.65 mW (0.00 mW)               ; --                                ; 0.45 mW (0.00 mW)                 ; |RS65816|RS65C816:u0|opcodes:u2                                                                                                                                                                                                                                                                                                                     ;
;             |altsyncram:altsyncram_component                                                                                             ; 1.10 mW (0.00 mW)                    ; 0.65 mW (0.00 mW)               ; --                                ; 0.45 mW (0.00 mW)                 ; |RS65816|RS65C816:u0|opcodes:u2|altsyncram:altsyncram_component                                                                                                                                                                                                                                                                                     ;
;                 |altsyncram_0qs3:auto_generated                                                                                          ; 1.10 mW (1.10 mW)                    ; 0.65 mW (0.65 mW)               ; --                                ; 0.45 mW (0.45 mW)                 ; |RS65816|RS65C816:u0|opcodes:u2|altsyncram:altsyncram_component|altsyncram_0qs3:auto_generated                                                                                                                                                                                                                                                      ;
;     |pll:u3                                                                                                                              ; 23.08 mW (0.00 mW)                   ; 12.83 mW (0.00 mW)              ; --                                ; 10.25 mW (0.00 mW)                ; |RS65816|pll:u3                                                                                                                                                                                                                                                                                                                                     ;
;         |altpll:altpll_component                                                                                                         ; 23.08 mW (0.00 mW)                   ; 12.83 mW (0.00 mW)              ; --                                ; 10.25 mW (0.00 mW)                ; |RS65816|pll:u3|altpll:altpll_component                                                                                                                                                                                                                                                                                                             ;
;             |pll_altpll:auto_generated                                                                                                   ; 23.08 mW (23.08 mW)                  ; 12.83 mW (12.83 mW)             ; --                                ; 10.25 mW (10.25 mW)               ; |RS65816|pll:u3|altpll:altpll_component|pll_altpll:auto_generated                                                                                                                                                                                                                                                                                   ;
;     |Display:u4                                                                                                                          ; 10.96 mW (5.36 mW)                   ; 9.26 mW (3.75 mW)               ; --                                ; 1.70 mW (1.61 mW)                 ; |RS65816|Display:u4                                                                                                                                                                                                                                                                                                                                 ;
;         |fontRam:fontRam                                                                                                                 ; 2.19 mW (0.00 mW)                    ; 2.15 mW (0.00 mW)               ; --                                ; 0.04 mW (0.00 mW)                 ; |RS65816|Display:u4|fontRam:fontRam                                                                                                                                                                                                                                                                                                                 ;
;             |altsyncram:altsyncram_component                                                                                             ; 2.19 mW (0.00 mW)                    ; 2.15 mW (0.00 mW)               ; --                                ; 0.04 mW (0.00 mW)                 ; |RS65816|Display:u4|fontRam:fontRam|altsyncram:altsyncram_component                                                                                                                                                                                                                                                                                 ;
;                 |altsyncram_84r3:auto_generated                                                                                          ; 2.19 mW (2.19 mW)                    ; 2.15 mW (2.15 mW)               ; --                                ; 0.04 mW (0.04 mW)                 ; |RS65816|Display:u4|fontRam:fontRam|altsyncram:altsyncram_component|altsyncram_84r3:auto_generated                                                                                                                                                                                                                                                  ;
;         |lineram:lineRam                                                                                                                 ; 0.50 mW (0.00 mW)                    ; 0.50 mW (0.00 mW)               ; --                                ; 0.00 mW (0.00 mW)                 ; |RS65816|Display:u4|lineram:lineRam                                                                                                                                                                                                                                                                                                                 ;
;             |altsyncram:altsyncram_component                                                                                             ; 0.50 mW (0.00 mW)                    ; 0.50 mW (0.00 mW)               ; --                                ; 0.00 mW (0.00 mW)                 ; |RS65816|Display:u4|lineram:lineRam|altsyncram:altsyncram_component                                                                                                                                                                                                                                                                                 ;
;                 |altsyncram_13q3:auto_generated                                                                                          ; 0.50 mW (0.50 mW)                    ; 0.50 mW (0.50 mW)               ; --                                ; 0.00 mW (0.00 mW)                 ; |RS65816|Display:u4|lineram:lineRam|altsyncram:altsyncram_component|altsyncram_13q3:auto_generated                                                                                                                                                                                                                                                  ;
;         |palette:palette                                                                                                                 ; 1.15 mW (0.00 mW)                    ; 1.12 mW (0.00 mW)               ; --                                ; 0.03 mW (0.00 mW)                 ; |RS65816|Display:u4|palette:palette                                                                                                                                                                                                                                                                                                                 ;
;             |altsyncram:altsyncram_component                                                                                             ; 1.15 mW (0.00 mW)                    ; 1.12 mW (0.00 mW)               ; --                                ; 0.03 mW (0.00 mW)                 ; |RS65816|Display:u4|palette:palette|altsyncram:altsyncram_component                                                                                                                                                                                                                                                                                 ;
;                 |altsyncram_31q3:auto_generated                                                                                          ; 1.15 mW (1.15 mW)                    ; 1.12 mW (1.12 mW)               ; --                                ; 0.03 mW (0.03 mW)                 ; |RS65816|Display:u4|palette:palette|altsyncram:altsyncram_component|altsyncram_31q3:auto_generated                                                                                                                                                                                                                                                  ;
;         |spritePalette:spritePalette                                                                                                     ; 1.76 mW (0.00 mW)                    ; 1.74 mW (0.00 mW)               ; --                                ; 0.01 mW (0.00 mW)                 ; |RS65816|Display:u4|spritePalette:spritePalette                                                                                                                                                                                                                                                                                                     ;
;             |altsyncram:altsyncram_component                                                                                             ; 1.76 mW (0.00 mW)                    ; 1.74 mW (0.00 mW)               ; --                                ; 0.01 mW (0.00 mW)                 ; |RS65816|Display:u4|spritePalette:spritePalette|altsyncram:altsyncram_component                                                                                                                                                                                                                                                                     ;
;                 |altsyncram_b6s3:auto_generated                                                                                          ; 1.76 mW (1.76 mW)                    ; 1.74 mW (1.74 mW)               ; --                                ; 0.01 mW (0.01 mW)                 ; |RS65816|Display:u4|spritePalette:spritePalette|altsyncram:altsyncram_component|altsyncram_b6s3:auto_generated                                                                                                                                                                                                                                      ;
;     |sdram_simple:u5                                                                                                                     ; 4.67 mW (4.67 mW)                    ; 4.15 mW (4.15 mW)               ; --                                ; 0.51 mW (0.51 mW)                 ; |RS65816|sdram_simple:u5                                                                                                                                                                                                                                                                                                                            ;
;     |spi_master:u6                                                                                                                       ; 1.20 mW (1.20 mW)                    ; 0.78 mW (0.78 mW)               ; --                                ; 0.42 mW (0.42 mW)                 ; |RS65816|spi_master:u6                                                                                                                                                                                                                                                                                                                              ;
;     |my6502keyboard:u8                                                                                                                   ; 0.50 mW (0.08 mW)                    ; 0.40 mW (0.06 mW)               ; --                                ; 0.10 mW (0.02 mW)                 ; |RS65816|my6502keyboard:u8                                                                                                                                                                                                                                                                                                                          ;
;         |ps2_intf:ps2                                                                                                                    ; 0.42 mW (0.42 mW)                    ; 0.34 mW (0.34 mW)               ; --                                ; 0.08 mW (0.08 mW)                 ; |RS65816|my6502keyboard:u8|ps2_intf:ps2                                                                                                                                                                                                                                                                                                             ;
;     |uart:uart                                                                                                                           ; 1.84 mW (1.84 mW)                    ; 1.40 mW (1.40 mW)               ; --                                ; 0.44 mW (0.44 mW)                 ; |RS65816|uart:uart                                                                                                                                                                                                                                                                                                                                  ;
+------------------------------------------------------------------------------------------------------------------------------------------+--------------------------------------+---------------------------------+-----------------------------------+-----------------------------------+-----------------------------------------------------------------------------------------------------------------------------------------------------------------------------------------------------------------------------------------------------------------------------------------------------------------------------------------------------+
(1) Value in parentheses is the power consumed at that level of hierarchy. Value not in parentheses is the power consumed at that level of hierarchy plus the power consumed by all levels of hierarchy below it.

(2) The "Block Thermal Static Power" for all levels of hierarchy except the top-level hierarchy is part of the "Core Static Thermal Power Dissipation" value found on the PowerPlay Power Analyzer-->Summary report panel. The "Core Static Thermal Power Dissipation" also contains the thermal static power dissipated by the routing.


+------------------------------------------------------------------------------------------------------------------------------+
; Core Dynamic Thermal Power Dissipation by Clock Domain                                                                       ;
+---------------------------------------------------------------------------+-----------------------+--------------------------+
; Clock Domain                                                              ; Clock Frequency (MHz) ; Total Core Dynamic Power ;
+---------------------------------------------------------------------------+-----------------------+--------------------------+
; pll:u3|altpll:altpll_component|pll_altpll:auto_generated|wire_pll1_clk[0] ; 100.00                ; 81.14                    ;
; pll:u3|altpll:altpll_component|pll_altpll:auto_generated|wire_pll1_clk[1] ; 100.00                ; 0.00                     ;
; pll:u3|altpll:altpll_component|pll_altpll:auto_generated|wire_pll1_clk[2] ; 15.00                 ; 1.12                     ;
; clk                                                                       ; 50.00                 ; 0.00                     ;
; altera_reserved_tck                                                       ; 10.00                 ; 0.46                     ;
; No clock domain                                                           ; 0.00                  ; 0.00                     ;
+---------------------------------------------------------------------------+-----------------------+--------------------------+


+------------------------------------------------------------------------------------------------------------------------------------+
; Current Drawn from Voltage Supplies Summary                                                                                        ;
+----------------+-------------------------+---------------------------+--------------------------+----------------------------------+
; Voltage Supply ; Total Current Drawn (1) ; Dynamic Current Drawn (1) ; Static Current Drawn (1) ; Minimum Power Supply Current (2) ;
+----------------+-------------------------+---------------------------+--------------------------+----------------------------------+
; VCCINT         ; 83.32 mA                ; 58.97 mA                  ; 24.35 mA                 ; 83.32 mA                         ;
; VCCIO          ; 10.32 mA                ; 3.10 mA                   ; 7.22 mA                  ; 10.32 mA                         ;
; VCCA           ; 18.28 mA                ; 2.19 mA                   ; 16.09 mA                 ; 18.28 mA                         ;
; VCCD           ; 10.43 mA                ; 6.12 mA                   ; 4.31 mA                  ; 10.43 mA                         ;
+----------------+-------------------------+---------------------------+--------------------------+----------------------------------+
(1) Currents reported in columns "Total Current Drawn", "Dynamic Current Drawn", and "Static Current Drawn" are sufficient for user operation of the device.  
(2) Currents reported in column "Minimum Power Supply Current" are sufficient for power-up, configuration, and user operation of the device.


+-----------------------------------------------------------------------------------------------+
; VCCIO Supply Current Drawn by I/O Bank                                                        ;
+----------+---------------+---------------------+-----------------------+----------------------+
; I/O Bank ; VCCIO Voltage ; Total Current Drawn ; Dynamic Current Drawn ; Static Current Drawn ;
+----------+---------------+---------------------+-----------------------+----------------------+
; 1        ; 3.3V          ; 1.07 mA             ; 0.11 mA               ; 0.96 mA              ;
; 2        ; 3.3V          ; 0.98 mA             ; 0.16 mA               ; 0.82 mA              ;
; 3        ; 3.3V          ; 2.02 mA             ; 1.15 mA               ; 0.86 mA              ;
; 4        ; 3.3V          ; 1.65 mA             ; 0.67 mA               ; 0.98 mA              ;
; 5        ; 3.3V          ; 1.42 mA             ; 0.44 mA               ; 0.97 mA              ;
; 6        ; 3.3V          ; 0.94 mA             ; 0.12 mA               ; 0.82 mA              ;
; 7        ; 3.3V          ; 1.06 mA             ; 0.17 mA               ; 0.89 mA              ;
; 8        ; 3.3V          ; 1.18 mA             ; 0.26 mA               ; 0.91 mA              ;
+----------+---------------+---------------------+-----------------------+----------------------+


+-----------------------------------------------------------------------------------------------------------------------------------+
; VCCIO Supply Current Drawn by Voltage                                                                                             ;
+---------------+-------------------------+---------------------------+--------------------------+----------------------------------+
; VCCIO Voltage ; Total Current Drawn (1) ; Dynamic Current Drawn (1) ; Static Current Drawn (1) ; Minimum Power Supply Current (2) ;
+---------------+-------------------------+---------------------------+--------------------------+----------------------------------+
; 3.3V          ; 10.32 mA                ; 3.10 mA                   ; 7.22 mA                  ; 10.32 mA                         ;
+---------------+-------------------------+---------------------------+--------------------------+----------------------------------+
(1) Currents reported in columns "Total Current Drawn", "Dynamic Current Drawn", and "Static Current Drawn" are sufficient for user operation of the device.  
(2) Currents reported in column "Minimum Power Supply Current" are sufficient for power-up, configuration, and user operation of the device.


+----------------------------------------------------------------------------------------------------------------------------------------------------+
; Confidence Metric Details                                                                                                                          ;
+----------------------------------------------------------------------------------------+--------------+------------+---------------+---------------+
; Data Source                                                                            ; Total        ; Pin        ; Registered    ; Combinational ;
+----------------------------------------------------------------------------------------+--------------+------------+---------------+---------------+
; Simulation (from file)                                                                 ;              ;            ;               ;               ;
;     -- Number of signals with Toggle Rate from Simulation                              ; 0 (0.0%)     ; 0 (0.0%)   ; 0 (0.0%)      ; 0 (0.0%)      ;
;     -- Number of signals with Static Probability from Simulation                       ; 0 (0.0%)     ; 0 (0.0%)   ; 0 (0.0%)      ; 0 (0.0%)      ;
;                                                                                        ;              ;            ;               ;               ;
; Node, entity or clock assignment                                                       ;              ;            ;               ;               ;
;     -- Number of signals with Toggle Rate from Node, entity or clock assignment        ; 5 (0.1%)     ; 2 (2.0%)   ; 0 (0.0%)      ; 3 (0.1%)      ;
;     -- Number of signals with Static Probability from Node, entity or clock assignment ; 5 (0.1%)     ; 2 (2.0%)   ; 0 (0.0%)      ; 3 (0.1%)      ;
;                                                                                        ;              ;            ;               ;               ;
; Vectorless estimation                                                                  ;              ;            ;               ;               ;
;     -- Number of signals with Toggle Rate from Vectorless estimation                   ; 6802 (99.5%) ; 70 (70.0%) ; 1794 (100.0%) ; 4938 (99.9%)  ;
;     -- Number of signals with Zero toggle rate, from Vectorless estimation             ; 29 (0.4%)    ; 13 (13.0%) ; 0 (0.0%)      ; 16 (0.3%)     ;
;     -- Number of signals with Static Probability from Vectorless estimation            ; 6802 (99.5%) ; 70 (70.0%) ; 1794 (100.0%) ; 4938 (99.9%)  ;
;                                                                                        ;              ;            ;               ;               ;
; Default assignment                                                                     ;              ;            ;               ;               ;
;     -- Number of signals with Toggle Rate from Default assignment                      ; 23 (0.3%)    ; 23 (23.0%) ; 0 (0.0%)      ; 0 (0.0%)      ;
;     -- Number of signals with Static Probability from Default assignment               ; 28 (0.4%)    ; 28 (28.0%) ; 0 (0.0%)      ; 0 (0.0%)      ;
;                                                                                        ;              ;            ;               ;               ;
; Assumed 0                                                                              ;              ;            ;               ;               ;
;     -- Number of signals with Toggle Rate assumed 0                                    ; 5 (0.1%)     ; 5 (5.0%)   ; 0 (0.0%)      ; 0 (0.0%)      ;
+----------------------------------------------------------------------------------------+--------------+------------+---------------+---------------+


+---------------------------------------------------------------------------------------------------------------------------------------------+
; Signal Activities                                                                                                                           ;
+--------+------+---------------------------------------------+-------------------------+--------------------+--------------------------------+
; Signal ; Type ; Toggle Rate (millions of transitions / sec) ; Toggle Rate Data Source ; Static Probability ; Static Probability Data Source ;
+--------+------+---------------------------------------------+-------------------------+--------------------+--------------------------------+
(1) The "Signal Activity" Table has been hidden. To show this table, please select the "Write signal activities to report file" option under "PowerPlay Power Analyzer Settings".


+-------------------------+
; Power Analyzer Messages ;
+-------------------------+
Info: *******************************************************************
Info: Running Quartus Prime Power Analyzer
    Info: Version 20.1.0 Build 711 06/05/2020 SJ Lite Edition
    Info: Processing started: Tue Nov 09 09:54:34 2021
Info: Command: quartus_pow --read_settings_files=on --write_settings_files=off RS65816 -c RS65816
Info (21077): Low junction temperature is 0 degrees C
Info (21077): High junction temperature is 85 degrees C
Info (332164): Evaluating HDL-embedded SDC commands
    Info (332165): Entity sld_hub
        Info (332166): create_clock -name altera_reserved_tck [get_ports {altera_reserved_tck}] -period 10MHz   
        Info (332166): set_clock_groups -asynchronous -group {altera_reserved_tck}
Info (332104): Reading SDC File: 'rs65816.sdc'
Info (332110): Deriving PLL clocks
    Info (332110): create_clock -period 20.000 -waveform {0.000 10.000} -name clk clk
    Info (332110): create_generated_clock -source {u3|altpll_component|auto_generated|pll1|inclk[0]} -multiply_by 2 -duty_cycle 50.00 -name {u3|altpll_component|auto_generated|pll1|clk[0]} {u3|altpll_component|auto_generated|pll1|clk[0]}
    Info (332110): create_generated_clock -source {u3|altpll_component|auto_generated|pll1|inclk[0]} -multiply_by 2 -duty_cycle 50.00 -name {u3|altpll_component|auto_generated|pll1|clk[1]} {u3|altpll_component|auto_generated|pll1|clk[1]}
    Info (332110): create_generated_clock -source {u3|altpll_component|auto_generated|pll1|inclk[0]} -divide_by 10 -multiply_by 3 -duty_cycle 50.00 -name {u3|altpll_component|auto_generated|pll1|clk[2]} {u3|altpll_component|auto_generated|pll1|clk[2]}
Info (332151): Clock uncertainty is not calculated until you update the timing netlist.
Info (332123): Deriving Clock Uncertainty. Please refer to report_sdc in the Timing Analyzer to see clock uncertainties.
Info (223000): Starting Vectorless Power Activity Estimation
Warning (222013): Relative toggle rates could not be calculated because no clock domain could be identified for some nodes
Info (223001): Completed Vectorless Power Activity Estimation
Info (218000): Using Advanced I/O Power to simulate I/O buffers with the specified board trace model
Info (334003): Started post-fitting delay annotation
Info (334004): Delay annotation completed successfully
Info (215049): Average toggle rate for this design is 9.934 millions of transitions / sec
Info (215031): Total thermal power estimate for the design is 192.06 mW
Info: Quartus Prime Power Analyzer was successful. 0 errors, 1 warning
    Info: Peak virtual memory: 4841 megabytes
    Info: Processing ended: Tue Nov 09 09:54:41 2021
    Info: Elapsed time: 00:00:07
    Info: Total CPU time (on all processors): 00:00:07


